2025-11-10 11:42:40,685 - INFO - launch_rs_scripts_manual_website - _NYULI_RS_Scripts_User_Manual.py - 

===== Running NYU RS Scripts User Manual =====
2025-11-10 11:42:40,687 - INFO - launch_rs_scripts_manual_website - _NYULI_RS_Scripts_User_Manual.py - Current Windows User: NYUMC\CLANCO01
2025-11-10 11:42:41,262 - INFO - launch_rs_scripts_manual_website - _NYULI_RS_Scripts_User_Manual.py - 

===== Finished NYU RS Scripts User Manual =====


2025-11-10 11:48:14,480 - INFO - launch_rs_scripts_manual_website - _NYULI_RS_Scripts_User_Manual.py - 

===== Running NYU RS Scripts User Manual =====
2025-11-10 11:48:14,482 - INFO - launch_rs_scripts_manual_website - _NYULI_RS_Scripts_User_Manual.py - Current Windows User: NYUMC\CLANCO01
2025-11-10 11:48:14,506 - ERROR - launch_rs_scripts_manual_website - launch_rs_scripts_manual_website.py - [FAILED] in launch_rs_scripts_manual_website.py.  Email notification sent.  Exception: No active exception to reraise
2025-11-10 11:48:14,522 - INFO - launch_rs_scripts_manual_website - _NYULI_RS_Scripts_User_Manual.py - 

===== Finished NYU RS Scripts User Manual =====


2025-11-10 11:54:03,232 - INFO - launch_rs_scripts_manual_website - _NYULI_RS_Scripts_User_Manual.py - 

===== Running NYU RS Scripts User Manual =====
2025-11-10 11:54:03,234 - INFO - launch_rs_scripts_manual_website - _NYULI_RS_Scripts_User_Manual.py - Current Windows User: NYUMC\CLANCO01
2025-11-10 11:54:03,258 - ERROR - launch_rs_scripts_manual_website - launch_rs_scripts_manual_website.py - [FAILED] in launch_rs_scripts_manual_website.py.  Email notification sent.  Exception: Debugging Only...
2025-11-10 11:54:03,278 - INFO - launch_rs_scripts_manual_website - _NYULI_RS_Scripts_User_Manual.py - 

===== Finished NYU RS Scripts User Manual =====


2025-11-10 11:56:43,761 - INFO - launch_rs_scripts_manual_website - _NYULI_RS_Scripts_User_Manual.py - 

===== Running NYU RS Scripts User Manual =====
2025-11-10 11:56:43,763 - INFO - launch_rs_scripts_manual_website - _NYULI_RS_Scripts_User_Manual.py - Current Windows User: NYUMC\CLANCO01
2025-11-10 11:56:43,787 - ERROR - launch_rs_scripts_manual_website - launch_rs_scripts_manual_website.py - [FAILED] in launch_rs_scripts_manual_website.py.  Email notification sent.  Exception: Debugging Only...
2025-11-10 11:56:46,273 - INFO - launch_rs_scripts_manual_website - _NYULI_RS_Scripts_User_Manual.py - 

===== Finished NYU RS Scripts User Manual =====


2025-11-10 11:58:14,566 - INFO - launch_rs_scripts_manual_website - _NYULI_RS_Scripts_User_Manual.py - 

===== Running NYU RS Scripts User Manual =====
2025-11-10 11:58:14,568 - INFO - launch_rs_scripts_manual_website - _NYULI_RS_Scripts_User_Manual.py - Current Windows User: NYUMC\CLANCO01
2025-11-10 11:58:14,592 - ERROR - launch_rs_scripts_manual_website - launch_rs_scripts_manual_website.py - [FAILED] in launch_rs_scripts_manual_website.py.  Email notification sent.  Exception: No active exception to reraise
2025-11-10 11:58:18,169 - INFO - launch_rs_scripts_manual_website - _NYULI_RS_Scripts_User_Manual.py - 

===== Finished NYU RS Scripts User Manual =====


2025-11-10 11:58:25,215 - INFO - launch_rs_scripts_manual_website - _NYULI_RS_Scripts_User_Manual.py - 

===== Running NYU RS Scripts User Manual =====
2025-11-10 11:58:25,218 - INFO - launch_rs_scripts_manual_website - _NYULI_RS_Scripts_User_Manual.py - Current Windows User: NYUMC\CLANCO01
2025-11-10 11:58:25,395 - INFO - launch_rs_scripts_manual_website - _NYULI_RS_Scripts_User_Manual.py - 

===== Finished NYU RS Scripts User Manual =====


2025-11-10 12:02:10,009 - INFO - launch_rs_scripts_manual_website - _NYULI_RS_Scripts_User_Manual.py - 

===== Running NYU RS Scripts User Manual =====
2025-11-10 12:02:10,011 - INFO - launch_rs_scripts_manual_website - _NYULI_RS_Scripts_User_Manual.py - Current Windows User: NYUMC\CLANCO01
2025-11-10 12:02:10,166 - INFO - launch_rs_scripts_manual_website - _NYULI_RS_Scripts_User_Manual.py - 

===== Finished NYU RS Scripts User Manual =====


2025-11-10 12:04:56,444 - INFO - launch_rs_scripts_manual_website - _NYULI_RS_Scripts_User_Manual.py - 

===== Running NYU RS Scripts User Manual =====
2025-11-10 12:04:56,447 - INFO - launch_rs_scripts_manual_website - _NYULI_RS_Scripts_User_Manual.py - Current Windows User: NYUMC\CLANCO01
2025-11-10 12:04:56,600 - INFO - launch_rs_scripts_manual_website - _NYULI_RS_Scripts_User_Manual.py - 

===== Finished NYU RS Scripts User Manual =====


2025-11-10 12:07:57,857 - INFO - launch_rs_scripts_manual_website - _NYULI_RS_Scripts_User_Manual.py - 

===== Running NYU RS Scripts User Manual =====
2025-11-10 12:07:57,859 - INFO - launch_rs_scripts_manual_website - _NYULI_RS_Scripts_User_Manual.py - Current Windows User: NYUMC\CLANCO01
2025-11-10 12:07:58,047 - INFO - launch_rs_scripts_manual_website - _NYULI_RS_Scripts_User_Manual.py - 

===== Finished NYU RS Scripts User Manual =====


2025-11-10 12:10:16,447 - INFO - launch_rs_scripts_manual_website - _NYULI_RS_Scripts_User_Manual.py - 

===== Running NYU RS Scripts User Manual =====
2025-11-10 12:10:16,449 - INFO - launch_rs_scripts_manual_website - _NYULI_RS_Scripts_User_Manual.py - Current Windows User: NYUMC\CLANCO01
2025-11-10 12:10:16,637 - INFO - launch_rs_scripts_manual_website - _NYULI_RS_Scripts_User_Manual.py - 

===== Finished NYU RS Scripts User Manual =====


2025-11-10 12:12:54,372 - INFO - launch_rs_scripts_manual_website - _NYULI_RS_Scripts_User_Manual.py - 

===== Running NYU RS Scripts User Manual =====
2025-11-10 12:12:54,374 - INFO - launch_rs_scripts_manual_website - _NYULI_RS_Scripts_User_Manual.py - Current Windows User: NYUMC\CLANCO01
2025-11-10 12:12:54,397 - ERROR - launch_rs_scripts_manual_website - launch_rs_scripts_manual_website.py - [FAILED] in launch_rs_scripts_manual_website.py.  Email notification sent.  Exception: Debugging only...wait 2 minutes
2025-11-10 12:12:56,994 - INFO - launch_rs_scripts_manual_website - _NYULI_RS_Scripts_User_Manual.py - 

===== Finished NYU RS Scripts User Manual =====


2025-11-10 12:18:26,562 - INFO - launch_rs_scripts_manual_website - _NYULI_RS_Scripts_User_Manual.py - 

===== Running NYU RS Scripts User Manual =====
2025-11-10 12:18:26,564 - INFO - launch_rs_scripts_manual_website - _NYULI_RS_Scripts_User_Manual.py - Current Windows User: NYUMC\CLANCO01
2025-11-10 12:18:26,585 - ERROR - launch_rs_scripts_manual_website - launch_rs_scripts_manual_website.py - [FAILED] in launch_rs_scripts_manual_website.py.  Email notification sent.  Exception: Debugging only...wait 2 minutes
2025-11-10 12:18:29,825 - INFO - launch_rs_scripts_manual_website - _NYULI_RS_Scripts_User_Manual.py - 

===== Finished NYU RS Scripts User Manual =====


2025-11-10 12:20:04,823 - INFO - launch_rs_scripts_manual_website - _NYULI_RS_Scripts_User_Manual.py - 

===== Running NYU RS Scripts User Manual =====
2025-11-10 12:20:04,825 - INFO - launch_rs_scripts_manual_website - _NYULI_RS_Scripts_User_Manual.py - Current Windows User: NYUMC\CLANCO01
2025-11-10 12:20:04,846 - ERROR - launch_rs_scripts_manual_website - launch_rs_scripts_manual_website.py - [FAILED] in launch_rs_scripts_manual_website.py.  Email notification sent.  Exception: Debugging only...wait 2 minutes
2025-11-10 12:20:17,161 - INFO - launch_rs_scripts_manual_website - _NYULI_RS_Scripts_User_Manual.py - 

===== Finished NYU RS Scripts User Manual =====


2026-01-07 14:34:15,907 - INFO - launch_rs_scripts_manual_website - _NYULI_RS_Scripts_User_Manual.py - 

===== Running NYU RS Scripts User Manual =====
2026-01-07 14:34:15,909 - INFO - launch_rs_scripts_manual_website - _NYULI_RS_Scripts_User_Manual.py - Current Windows User: NYUMC\CLANCO01
2026-01-07 14:34:16,336 - INFO - launch_rs_scripts_manual_website - _NYULI_RS_Scripts_User_Manual.py - 

===== Finished NYU RS Scripts User Manual =====


2026-01-07 14:43:13,927 - INFO - launch_rs_scripts_manual_website - _NYULI_RS_Scripts_User_Manual.py - 

===== Running NYU RS Scripts User Manual =====
2026-01-07 14:43:13,929 - INFO - launch_rs_scripts_manual_website - _NYULI_RS_Scripts_User_Manual.py - Current Windows User: NYUMC\CLANCO01
2026-01-07 14:43:14,095 - INFO - launch_rs_scripts_manual_website - _NYULI_RS_Scripts_User_Manual.py - 

===== Finished NYU RS Scripts User Manual =====


2026-01-07 16:34:01,339 - INFO - launch_rs_scripts_manual_website - _NYULI_RS_Scripts_User_Manual.py - 

===== Running NYU RS Scripts User Manual =====
2026-01-07 16:34:01,341 - INFO - launch_rs_scripts_manual_website - _NYULI_RS_Scripts_User_Manual.py - Current Windows User: NYUMC\SANTOJ14
2026-01-07 16:34:01,740 - INFO - launch_rs_scripts_manual_website - _NYULI_RS_Scripts_User_Manual.py - 

===== Finished NYU RS Scripts User Manual =====


2026-01-08 15:48:37,871 - INFO - launch_rs_scripts_manual_website - _NYULI_RS_Scripts_User_Manual.py - 

===== Running NYU RS Scripts User Manual =====
2026-01-08 15:48:37,873 - INFO - launch_rs_scripts_manual_website - _NYULI_RS_Scripts_User_Manual.py - Current Windows User: NYUMC\CLANCO01
2026-01-08 15:48:38,120 - INFO - launch_rs_scripts_manual_website - _NYULI_RS_Scripts_User_Manual.py - 

===== Finished NYU RS Scripts User Manual =====


2026-02-18 11:45:50,301 - INFO - launch_rs_scripts_manual_website - _NYULI_RS_Scripts_User_Manual.py - 

===== Running NYU RS Scripts User Manual =====
2026-02-18 11:45:50,303 - INFO - launch_rs_scripts_manual_website - _NYULI_RS_Scripts_User_Manual.py - Current Windows User: NYUMC\CLANCO01
2026-02-18 11:45:50,631 - INFO - launch_rs_scripts_manual_website - _NYULI_RS_Scripts_User_Manual.py - 

===== Finished NYU RS Scripts User Manual =====


2026-02-18 11:46:17,714 - INFO - launch_rs_scripts_manual_website - _NYULI_RS_Scripts_User_Manual.py - 

===== Running NYU RS Scripts User Manual =====
2026-02-18 11:46:17,717 - INFO - launch_rs_scripts_manual_website - _NYULI_RS_Scripts_User_Manual.py - Current Windows User: NYUMC\CLANCO01
2026-02-18 11:46:17,884 - INFO - launch_rs_scripts_manual_website - _NYULI_RS_Scripts_User_Manual.py - 

===== Finished NYU RS Scripts User Manual =====


2026-02-25 15:10:38,470 - INFO - launch_rs_scripts_manual_website - _NYULI_RS_Scripts_User_Manual.py - 

===== Running NYU RS Scripts User Manual =====
2026-02-25 15:10:38,472 - INFO - launch_rs_scripts_manual_website - _NYULI_RS_Scripts_User_Manual.py - Current Windows User: NYUMC\CLANCO01
2026-02-25 15:10:39,151 - INFO - launch_rs_scripts_manual_website - _NYULI_RS_Scripts_User_Manual.py - 

===== Finished NYU RS Scripts User Manual =====


2026-05-14 10:09:48,220 - INFO - launch_rs_scripts_manual_website - _NYULI_RS_Scripts_User_Manual.py - 

===== Running NYU RS Scripts User Manual =====
2026-05-14 10:09:48,222 - INFO - launch_rs_scripts_manual_website - _NYULI_RS_Scripts_User_Manual.py - Current Windows User: NYUMC\CLANCO01
2026-05-14 10:09:48,787 - INFO - launch_rs_scripts_manual_website - _NYULI_RS_Scripts_User_Manual.py - 

===== Finished NYU RS Scripts User Manual =====


2026-05-26 10:01:59,811 - INFO - launch_rs_scripts_manual_website - _NYULI_RS_Scripts_User_Manual.py - 

===== Running NYU RS Scripts User Manual =====
2026-05-26 10:01:59,813 - INFO - launch_rs_scripts_manual_website - _NYULI_RS_Scripts_User_Manual.py - Current Windows User: NYUMC\POWERA05
2026-05-26 10:02:00,439 - INFO - launch_rs_scripts_manual_website - _NYULI_RS_Scripts_User_Manual.py - 

===== Finished NYU RS Scripts User Manual =====


2026-06-09 15:55:19,442 - INFO - launch_rs_scripts_manual_website - _NYULI_RS_Scripts_User_Manual.py - 

===== Running NYU RS Scripts User Manual =====
2026-06-09 15:55:19,445 - INFO - launch_rs_scripts_manual_website - _NYULI_RS_Scripts_User_Manual.py - Current Windows User: NYUMC\SANTOJ14
2026-06-09 15:55:20,074 - INFO - launch_rs_scripts_manual_website - _NYULI_RS_Scripts_User_Manual.py - 

===== Finished NYU RS Scripts User Manual =====


2026-06-09 15:57:07,006 - INFO - launch_rs_scripts_manual_website - _NYULI_RS_Scripts_User_Manual.py - 

===== Running NYU RS Scripts User Manual =====
2026-06-09 15:57:07,009 - INFO - launch_rs_scripts_manual_website - _NYULI_RS_Scripts_User_Manual.py - Current Windows User: NYUMC\SANTOJ14
2026-06-09 15:57:07,209 - INFO - launch_rs_scripts_manual_website - _NYULI_RS_Scripts_User_Manual.py - 

===== Finished NYU RS Scripts User Manual =====


2026-06-09 16:32:56,388 - INFO - launch_rs_scripts_manual_website - _NYULI_RS_Scripts_User_Manual.py - 

===== Running NYU RS Scripts User Manual =====
2026-06-09 16:32:56,392 - INFO - launch_rs_scripts_manual_website - _NYULI_RS_Scripts_User_Manual.py - Current Windows User: NYUMC\SANTOJ14
2026-06-09 16:32:56,616 - INFO - launch_rs_scripts_manual_website - _NYULI_RS_Scripts_User_Manual.py - 

===== Finished NYU RS Scripts User Manual =====


2026-06-10 15:42:35,348 - INFO - launch_rs_scripts_manual_website - _NYULI_RS_Scripts_User_Manual.py - 

===== Running NYU RS Scripts User Manual =====
2026-06-10 15:42:35,353 - INFO - launch_rs_scripts_manual_website - _NYULI_RS_Scripts_User_Manual.py - Current Windows User: NYUMC\CLANCO01
2026-06-10 15:42:35,568 - INFO - launch_rs_scripts_manual_website - _NYULI_RS_Scripts_User_Manual.py - 

===== Finished NYU RS Scripts User Manual =====


